[2026-01-16 03:28:09,023] 1025 httpx - INFO - HTTP Request: GET https://dagshub.com/api/v1/user "HTTP/1.1 200 OK"
[2026-01-16 03:28:09,029] 107 dagshub - INFO - Accessing as Mansi26-code1
[2026-01-16 03:28:10,361] 1025 httpx - INFO - HTTP Request: GET https://dagshub.com/api/v1/repos/Mansi26-code1/networksecurity "HTTP/1.1 200 OK"
[2026-01-16 03:28:11,581] 1025 httpx - INFO - HTTP Request: GET https://dagshub.com/api/v1/user "HTTP/1.1 200 OK"
[2026-01-16 03:28:11,584] 107 dagshub - INFO - Initialized MLflow to track repo "Mansi26-code1/networksecurity"
[2026-01-16 03:28:11,586] 107 dagshub - INFO - Repository Mansi26-code1/networksecurity initialized!
[2026-01-16 03:28:11,597] 20 root - INFO - Initiate the data ingestion
[2026-01-16 03:28:15,272] 65 root - INFO - Performed train test split on the dataframe
[2026-01-16 03:28:15,272] 67 root - INFO - Exited split_data_as_train_test method of Data_Ingestion class
[2026-01-16 03:28:15,272] 75 root - INFO - Exporting train and test file path.
[2026-01-16 03:28:15,311] 84 root - INFO - Exported train and test file path.
[2026-01-16 03:28:15,311] 22 root - INFO - Data Initiation Completed
[2026-01-16 03:28:15,314] 26 root - INFO - Initiate the data Validation
[2026-01-16 03:28:15,381] 33 root - INFO - Required number of columns:2
[2026-01-16 03:28:15,381] 34 root - INFO - Data frame has columns:31
[2026-01-16 03:28:15,381] 33 root - INFO - Required number of columns:2
[2026-01-16 03:28:15,381] 34 root - INFO - Data frame has columns:31
[2026-01-16 03:28:15,472] 28 root - INFO - data Validation Completed
[2026-01-16 03:28:15,473] 31 root - INFO - data Transformation started
[2026-01-16 03:28:15,473] 63 root - INFO - Entered initiate_data_transformation method of DataTransformation class
[2026-01-16 03:28:15,473] 65 root - INFO - Starting data transformation
[2026-01-16 03:28:15,491] 48 root - INFO - Entered get_data_trnasformer_object method of Trnasformation class
[2026-01-16 03:28:15,491] 53 root - INFO - Initialise KNNImputer with {'missing_values': nan, 'n_neighbors': 3, 'weights': 'uniform'}
[2026-01-16 03:28:15,503] 46 root - INFO - Entered the save_object method of MainUtils class
[2026-01-16 03:28:15,505] 50 root - INFO - Exited the save_object method of MainUtils class
[2026-01-16 03:28:15,505] 46 root - INFO - Entered the save_object method of MainUtils class
[2026-01-16 03:28:15,507] 50 root - INFO - Exited the save_object method of MainUtils class
[2026-01-16 03:28:15,508] 35 root - INFO - data Transformation completed
